// Jest Snapshot v1, https://goo.gl/fbAQLP

exports[`<SignInDialog /> renders correctly 1`] = `
ShallowWrapper {
  "length": 1,
  Symbol(enzyme.__root__): [Circular],
  Symbol(enzyme.__unrendered__): <SignInDialog />,
  Symbol(enzyme.__renderer__): Object {
    "batchedUpdates": [Function],
    "getNode": [Function],
    "render": [Function],
    "simulateEvent": [Function],
    "unmount": [Function],
  },
  Symbol(enzyme.__node__): Object {
    "instance": null,
    "key": undefined,
    "nodeType": "host",
    "props": Object {
      "children": Array [
        <div
          className="sign-in__background"
/>,
        <div
          className="sign-in__dialog"
>
          <div
                    className="dialog__top-bar-container"
          >
                    <div
                              className="top-bar-container__title"
                    >
                               Please Sign In 
                    </div>
          </div>
          <div>
                    <hr
                              className="dialog__divider"
                    />
                    <div
                              className="sign-in__text"
                    >
                              <p>
                                        Why do I need to sign in?
                              </p>
                              <p>
                                        We built the Developer Rig with one goal in mind: helping developers build extensions faster.  We want to make sure you’re spending your time coding, not on process.  To take advantage of the Rig’s features, we need you to sign in.  You can look forward to more new features the coming months.
                              </p>
                              <p>
                                        We really appreciate you being part of the Twitch developer community. We’re excited to see what kind of extensions you’ll make!
                              </p>
                    </div>
                    <div
                              className="sign-in__bottom-bar"
                    >
                              <LoginButton />
                    </div>
          </div>
</div>,
      ],
      "className": "sign-in",
    },
    "ref": null,
    "rendered": Array [
      Object {
        "instance": null,
        "key": undefined,
        "nodeType": "host",
        "props": Object {
          "className": "sign-in__background",
        },
        "ref": null,
        "rendered": null,
        "type": "div",
      },
      Object {
        "instance": null,
        "key": undefined,
        "nodeType": "host",
        "props": Object {
          "children": Array [
            <div
              className="dialog__top-bar-container"
>
              <div
                            className="top-bar-container__title"
              >
                             Please Sign In 
              </div>
</div>,
            <div>
              <hr
                            className="dialog__divider"
              />
              <div
                            className="sign-in__text"
              >
                            <p>
                                          Why do I need to sign in?
                            </p>
                            <p>
                                          We built the Developer Rig with one goal in mind: helping developers build extensions faster.  We want to make sure you’re spending your time coding, not on process.  To take advantage of the Rig’s features, we need you to sign in.  You can look forward to more new features the coming months.
                            </p>
                            <p>
                                          We really appreciate you being part of the Twitch developer community. We’re excited to see what kind of extensions you’ll make!
                            </p>
              </div>
              <div
                            className="sign-in__bottom-bar"
              >
                            <LoginButton />
              </div>
</div>,
          ],
          "className": "sign-in__dialog",
        },
        "ref": null,
        "rendered": Array [
          Object {
            "instance": null,
            "key": undefined,
            "nodeType": "host",
            "props": Object {
              "children": <div
                className="top-bar-container__title"
>
                 Please Sign In 
</div>,
              "className": "dialog__top-bar-container",
            },
            "ref": null,
            "rendered": Object {
              "instance": null,
              "key": undefined,
              "nodeType": "host",
              "props": Object {
                "children": " Please Sign In ",
                "className": "top-bar-container__title",
              },
              "ref": null,
              "rendered": " Please Sign In ",
              "type": "div",
            },
            "type": "div",
          },
          Object {
            "instance": null,
            "key": undefined,
            "nodeType": "host",
            "props": Object {
              "children": Array [
                <hr
                  className="dialog__divider"
/>,
                <div
                  className="sign-in__text"
>
                  <p>
                                    Why do I need to sign in?
                  </p>
                  <p>
                                    We built the Developer Rig with one goal in mind: helping developers build extensions faster.  We want to make sure you’re spending your time coding, not on process.  To take advantage of the Rig’s features, we need you to sign in.  You can look forward to more new features the coming months.
                  </p>
                  <p>
                                    We really appreciate you being part of the Twitch developer community. We’re excited to see what kind of extensions you’ll make!
                  </p>
</div>,
                <div
                  className="sign-in__bottom-bar"
>
                  <LoginButton />
</div>,
              ],
            },
            "ref": null,
            "rendered": Array [
              Object {
                "instance": null,
                "key": undefined,
                "nodeType": "host",
                "props": Object {
                  "className": "dialog__divider",
                },
                "ref": null,
                "rendered": null,
                "type": "hr",
              },
              Object {
                "instance": null,
                "key": undefined,
                "nodeType": "host",
                "props": Object {
                  "children": Array [
                    <p>
                      Why do I need to sign in?
</p>,
                    <p>
                      We built the Developer Rig with one goal in mind: helping developers build extensions faster.  We want to make sure you’re spending your time coding, not on process.  To take advantage of the Rig’s features, we need you to sign in.  You can look forward to more new features the coming months.
</p>,
                    <p>
                      We really appreciate you being part of the Twitch developer community. We’re excited to see what kind of extensions you’ll make!
</p>,
                  ],
                  "className": "sign-in__text",
                },
                "ref": null,
                "rendered": Array [
                  Object {
                    "instance": null,
                    "key": undefined,
                    "nodeType": "host",
                    "props": Object {
                      "children": "Why do I need to sign in?",
                    },
                    "ref": null,
                    "rendered": "Why do I need to sign in?",
                    "type": "p",
                  },
                  Object {
                    "instance": null,
                    "key": undefined,
                    "nodeType": "host",
                    "props": Object {
                      "children": "We built the Developer Rig with one goal in mind: helping developers build extensions faster.  We want to make sure you’re spending your time coding, not on process.  To take advantage of the Rig’s features, we need you to sign in.  You can look forward to more new features the coming months.",
                    },
                    "ref": null,
                    "rendered": "We built the Developer Rig with one goal in mind: helping developers build extensions faster.  We want to make sure you’re spending your time coding, not on process.  To take advantage of the Rig’s features, we need you to sign in.  You can look forward to more new features the coming months.",
                    "type": "p",
                  },
                  Object {
                    "instance": null,
                    "key": undefined,
                    "nodeType": "host",
                    "props": Object {
                      "children": "We really appreciate you being part of the Twitch developer community. We’re excited to see what kind of extensions you’ll make!",
                    },
                    "ref": null,
                    "rendered": "We really appreciate you being part of the Twitch developer community. We’re excited to see what kind of extensions you’ll make!",
                    "type": "p",
                  },
                ],
                "type": "div",
              },
              Object {
                "instance": null,
                "key": undefined,
                "nodeType": "host",
                "props": Object {
                  "children": <LoginButton />,
                  "className": "sign-in__bottom-bar",
                },
                "ref": null,
                "rendered": Object {
                  "instance": null,
                  "key": undefined,
                  "nodeType": "class",
                  "props": Object {},
                  "ref": null,
                  "rendered": null,
                  "type": [Function],
                },
                "type": "div",
              },
            ],
            "type": "div",
          },
        ],
        "type": "div",
      },
    ],
    "type": "div",
  },
  Symbol(enzyme.__nodes__): Array [
    Object {
      "instance": null,
      "key": undefined,
      "nodeType": "host",
      "props": Object {
        "children": Array [
          <div
            className="sign-in__background"
/>,
          <div
            className="sign-in__dialog"
>
            <div
                        className="dialog__top-bar-container"
            >
                        <div
                                    className="top-bar-container__title"
                        >
                                     Please Sign In 
                        </div>
            </div>
            <div>
                        <hr
                                    className="dialog__divider"
                        />
                        <div
                                    className="sign-in__text"
                        >
                                    <p>
                                                Why do I need to sign in?
                                    </p>
                                    <p>
                                                We built the Developer Rig with one goal in mind: helping developers build extensions faster.  We want to make sure you’re spending your time coding, not on process.  To take advantage of the Rig’s features, we need you to sign in.  You can look forward to more new features the coming months.
                                    </p>
                                    <p>
                                                We really appreciate you being part of the Twitch developer community. We’re excited to see what kind of extensions you’ll make!
                                    </p>
                        </div>
                        <div
                                    className="sign-in__bottom-bar"
                        >
                                    <LoginButton />
                        </div>
            </div>
</div>,
        ],
        "className": "sign-in",
      },
      "ref": null,
      "rendered": Array [
        Object {
          "instance": null,
          "key": undefined,
          "nodeType": "host",
          "props": Object {
            "className": "sign-in__background",
          },
          "ref": null,
          "rendered": null,
          "type": "div",
        },
        Object {
          "instance": null,
          "key": undefined,
          "nodeType": "host",
          "props": Object {
            "children": Array [
              <div
                className="dialog__top-bar-container"
>
                <div
                                className="top-bar-container__title"
                >
                                 Please Sign In 
                </div>
</div>,
              <div>
                <hr
                                className="dialog__divider"
                />
                <div
                                className="sign-in__text"
                >
                                <p>
                                                Why do I need to sign in?
                                </p>
                                <p>
                                                We built the Developer Rig with one goal in mind: helping developers build extensions faster.  We want to make sure you’re spending your time coding, not on process.  To take advantage of the Rig’s features, we need you to sign in.  You can look forward to more new features the coming months.
                                </p>
                                <p>
                                                We really appreciate you being part of the Twitch developer community. We’re excited to see what kind of extensions you’ll make!
                                </p>
                </div>
                <div
                                className="sign-in__bottom-bar"
                >
                                <LoginButton />
                </div>
</div>,
            ],
            "className": "sign-in__dialog",
          },
          "ref": null,
          "rendered": Array [
            Object {
              "instance": null,
              "key": undefined,
              "nodeType": "host",
              "props": Object {
                "children": <div
                  className="top-bar-container__title"
>
                   Please Sign In 
</div>,
                "className": "dialog__top-bar-container",
              },
              "ref": null,
              "rendered": Object {
                "instance": null,
                "key": undefined,
                "nodeType": "host",
                "props": Object {
                  "children": " Please Sign In ",
                  "className": "top-bar-container__title",
                },
                "ref": null,
                "rendered": " Please Sign In ",
                "type": "div",
              },
              "type": "div",
            },
            Object {
              "instance": null,
              "key": undefined,
              "nodeType": "host",
              "props": Object {
                "children": Array [
                  <hr
                    className="dialog__divider"
/>,
                  <div
                    className="sign-in__text"
>
                    <p>
                                        Why do I need to sign in?
                    </p>
                    <p>
                                        We built the Developer Rig with one goal in mind: helping developers build extensions faster.  We want to make sure you’re spending your time coding, not on process.  To take advantage of the Rig’s features, we need you to sign in.  You can look forward to more new features the coming months.
                    </p>
                    <p>
                                        We really appreciate you being part of the Twitch developer community. We’re excited to see what kind of extensions you’ll make!
                    </p>
</div>,
                  <div
                    className="sign-in__bottom-bar"
>
                    <LoginButton />
</div>,
                ],
              },
              "ref": null,
              "rendered": Array [
                Object {
                  "instance": null,
                  "key": undefined,
                  "nodeType": "host",
                  "props": Object {
                    "className": "dialog__divider",
                  },
                  "ref": null,
                  "rendered": null,
                  "type": "hr",
                },
                Object {
                  "instance": null,
                  "key": undefined,
                  "nodeType": "host",
                  "props": Object {
                    "children": Array [
                      <p>
                        Why do I need to sign in?
</p>,
                      <p>
                        We built the Developer Rig with one goal in mind: helping developers build extensions faster.  We want to make sure you’re spending your time coding, not on process.  To take advantage of the Rig’s features, we need you to sign in.  You can look forward to more new features the coming months.
</p>,
                      <p>
                        We really appreciate you being part of the Twitch developer community. We’re excited to see what kind of extensions you’ll make!
</p>,
                    ],
                    "className": "sign-in__text",
                  },
                  "ref": null,
                  "rendered": Array [
                    Object {
                      "instance": null,
                      "key": undefined,
                      "nodeType": "host",
                      "props": Object {
                        "children": "Why do I need to sign in?",
                      },
                      "ref": null,
                      "rendered": "Why do I need to sign in?",
                      "type": "p",
                    },
                    Object {
                      "instance": null,
                      "key": undefined,
                      "nodeType": "host",
                      "props": Object {
                        "children": "We built the Developer Rig with one goal in mind: helping developers build extensions faster.  We want to make sure you’re spending your time coding, not on process.  To take advantage of the Rig’s features, we need you to sign in.  You can look forward to more new features the coming months.",
                      },
                      "ref": null,
                      "rendered": "We built the Developer Rig with one goal in mind: helping developers build extensions faster.  We want to make sure you’re spending your time coding, not on process.  To take advantage of the Rig’s features, we need you to sign in.  You can look forward to more new features the coming months.",
                      "type": "p",
                    },
                    Object {
                      "instance": null,
                      "key": undefined,
                      "nodeType": "host",
                      "props": Object {
                        "children": "We really appreciate you being part of the Twitch developer community. We’re excited to see what kind of extensions you’ll make!",
                      },
                      "ref": null,
                      "rendered": "We really appreciate you being part of the Twitch developer community. We’re excited to see what kind of extensions you’ll make!",
                      "type": "p",
                    },
                  ],
                  "type": "div",
                },
                Object {
                  "instance": null,
                  "key": undefined,
                  "nodeType": "host",
                  "props": Object {
                    "children": <LoginButton />,
                    "className": "sign-in__bottom-bar",
                  },
                  "ref": null,
                  "rendered": Object {
                    "instance": null,
                    "key": undefined,
                    "nodeType": "class",
                    "props": Object {},
                    "ref": null,
                    "rendered": null,
                    "type": [Function],
                  },
                  "type": "div",
                },
              ],
              "type": "div",
            },
          ],
          "type": "div",
        },
      ],
      "type": "div",
    },
  ],
  Symbol(enzyme.__options__): Object {
    "adapter": ReactSixteenAdapter {
      "options": Object {
        "enableComponentDidUpdateOnSetState": true,
      },
    },
  },
}
`;
