// Jest Snapshot v1, https://goo.gl/fbAQLP

exports[`<ProjectDropdown /> renders correctly 1`] = `
ShallowWrapper {
  "length": 1,
  Symbol(enzyme.__root__): [Circular],
  Symbol(enzyme.__unrendered__): <ProjectDropdown
    projects={Array []}
/>,
  Symbol(enzyme.__renderer__): Object {
    "batchedUpdates": [Function],
    "getNode": [Function],
    "render": [Function],
    "simulateEvent": [Function],
    "unmount": [Function],
  },
  Symbol(enzyme.__node__): Object {
    "instance": null,
    "key": undefined,
    "nodeType": "host",
    "props": Object {
      "children": Array [
        <div
          className="project__header"
>
          Select an Extension Project 
          <img
                    alt="open or close"
                    className="project__triangle"
                    src="whitetriangle.svg"
          />
</div>,
        <div
          className="project__menu transition"
>
          <ul>
                    <li>
                              <div
                                        onClick={undefined}
                              >
                                        Create New Project
                              </div>
                    </li>
          </ul>
</div>,
      ],
      "className": "project__dropdown",
      "onClick": [Function],
    },
    "ref": null,
    "rendered": Array [
      Object {
        "instance": null,
        "key": undefined,
        "nodeType": "host",
        "props": Object {
          "children": Array [
            "Select an Extension Project ",
            <img
              alt="open or close"
              className="project__triangle"
              src="whitetriangle.svg"
/>,
          ],
          "className": "project__header",
        },
        "ref": null,
        "rendered": Array [
          "Select an Extension Project ",
          Object {
            "instance": null,
            "key": undefined,
            "nodeType": "host",
            "props": Object {
              "alt": "open or close",
              "className": "project__triangle",
              "src": "whitetriangle.svg",
            },
            "ref": null,
            "rendered": null,
            "type": "img",
          },
        ],
        "type": "div",
      },
      Object {
        "instance": null,
        "key": undefined,
        "nodeType": "host",
        "props": Object {
          "children": <ul>
            <li>
                        <div
                                    onClick={undefined}
                        >
                                    Create New Project
                        </div>
            </li>
</ul>,
          "className": "project__menu transition",
        },
        "ref": null,
        "rendered": Object {
          "instance": null,
          "key": undefined,
          "nodeType": "host",
          "props": Object {
            "children": Array [
              <li>
                <div
                                onClick={undefined}
                >
                                Create New Project
                </div>
</li>,
              Array [],
            ],
          },
          "ref": null,
          "rendered": Array [
            Object {
              "instance": null,
              "key": "-1",
              "nodeType": "host",
              "props": Object {
                "children": <div
                  onClick={undefined}
>
                  Create New Project
</div>,
              },
              "ref": null,
              "rendered": Object {
                "instance": null,
                "key": undefined,
                "nodeType": "host",
                "props": Object {
                  "children": "Create New Project",
                  "onClick": undefined,
                },
                "ref": null,
                "rendered": "Create New Project",
                "type": "div",
              },
              "type": "li",
            },
          ],
          "type": "ul",
        },
        "type": "div",
      },
    ],
    "type": "div",
  },
  Symbol(enzyme.__nodes__): Array [
    Object {
      "instance": null,
      "key": undefined,
      "nodeType": "host",
      "props": Object {
        "children": Array [
          <div
            className="project__header"
>
            Select an Extension Project 
            <img
                        alt="open or close"
                        className="project__triangle"
                        src="whitetriangle.svg"
            />
</div>,
          <div
            className="project__menu transition"
>
            <ul>
                        <li>
                                    <div
                                                onClick={undefined}
                                    >
                                                Create New Project
                                    </div>
                        </li>
            </ul>
</div>,
        ],
        "className": "project__dropdown",
        "onClick": [Function],
      },
      "ref": null,
      "rendered": Array [
        Object {
          "instance": null,
          "key": undefined,
          "nodeType": "host",
          "props": Object {
            "children": Array [
              "Select an Extension Project ",
              <img
                alt="open or close"
                className="project__triangle"
                src="whitetriangle.svg"
/>,
            ],
            "className": "project__header",
          },
          "ref": null,
          "rendered": Array [
            "Select an Extension Project ",
            Object {
              "instance": null,
              "key": undefined,
              "nodeType": "host",
              "props": Object {
                "alt": "open or close",
                "className": "project__triangle",
                "src": "whitetriangle.svg",
              },
              "ref": null,
              "rendered": null,
              "type": "img",
            },
          ],
          "type": "div",
        },
        Object {
          "instance": null,
          "key": undefined,
          "nodeType": "host",
          "props": Object {
            "children": <ul>
              <li>
                            <div
                                          onClick={undefined}
                            >
                                          Create New Project
                            </div>
              </li>
</ul>,
            "className": "project__menu transition",
          },
          "ref": null,
          "rendered": Object {
            "instance": null,
            "key": undefined,
            "nodeType": "host",
            "props": Object {
              "children": Array [
                <li>
                  <div
                                    onClick={undefined}
                  >
                                    Create New Project
                  </div>
</li>,
                Array [],
              ],
            },
            "ref": null,
            "rendered": Array [
              Object {
                "instance": null,
                "key": "-1",
                "nodeType": "host",
                "props": Object {
                  "children": <div
                    onClick={undefined}
>
                    Create New Project
</div>,
                },
                "ref": null,
                "rendered": Object {
                  "instance": null,
                  "key": undefined,
                  "nodeType": "host",
                  "props": Object {
                    "children": "Create New Project",
                    "onClick": undefined,
                  },
                  "ref": null,
                  "rendered": "Create New Project",
                  "type": "div",
                },
                "type": "li",
              },
            ],
            "type": "ul",
          },
          "type": "div",
        },
      ],
      "type": "div",
    },
  ],
  Symbol(enzyme.__options__): Object {
    "adapter": ReactSixteenAdapter {
      "options": Object {
        "enableComponentDidUpdateOnSetState": true,
      },
    },
  },
}
`;
